// Jest Snapshot v1, https://goo.gl/fbAQLP

exports[`afterware pagination 1`] = `
QueryPagination {
  "_": Object {
    "afterware": Array [
      [Function],
      [Function],
    ],
    "args": Object {
      "after": Object {
        "type": "String",
      },
      "first": Object {
        "type": "Int",
      },
      "offset": Object {
        "type": "Int",
      },
    },
    "middleware": Array [],
    "name": undefined,
    "node": "Int",
    "parentArgs": undefined,
    "resolve": [Function],
    "subscribe": [Function],
    "type": "QueryPaginationConnection",
  },
  "args": Object {
    "after": Object {
      "type": "String",
    },
    "first": Object {
      "type": "Int",
    },
    "offset": Object {
      "type": "Int",
    },
  },
  "resolve": [Function],
  "type": "QueryPaginationConnection",
}
`;
