// Jest Snapshot v1, https://goo.gl/fbAQLP

exports[`middleware authentication 1`] = `
QueryAuthentication {
  "_": Object {
    "afterware": Array [],
    "middleware": Array [
      [Function],
      [Function],
    ],
    "name": undefined,
    "parentArgs": undefined,
    "resolve": [Function],
    "subscribe": [Function],
  },
  "args": Object {},
  "resolve": [Function],
  "type": "Int",
}
`;
