// Jest Snapshot v1, https://goo.gl/fbAQLP

exports[`Mutation snapshot 1`] = `
MutationNode {
  "_": Object {
    "afterware": Array [],
    "middleware": Array [],
    "name": undefined,
    "resolve": [Function],
    "subscribe": [Function],
  },
  "args": Object {
    "input": Object {
      "type": "MutationNodeInput!",
    },
  },
  "resolve": [Function],
  "type": "MutationNodePayload",
}
`;
