// Jest Snapshot v1, https://goo.gl/fbAQLP

exports[`PayloadField snapshot 1`] = `
PayloadField {
  "fieldName": undefined,
}
`;
