// Jest Snapshot v1, https://goo.gl/fbAQLP

exports[`QueryWithConnection QueryWithConnection 1`] = `
QueryConnection {
  "_": Object {
    "afterware": Array [],
    "args": Object {
      "after": Object {
        "type": "String",
      },
      "first": Object {
        "type": "Int",
      },
      "id": Object {
        "type": "Int",
      },
      "offset": Object {
        "type": "Int",
      },
    },
    "middleware": Array [],
    "node": "Int",
    "parentArgs": undefined,
    "resolve": [Function],
    "type": "[Int]",
  },
  "args": Object {
    "after": Object {
      "type": "String",
    },
    "first": Object {
      "type": "Int",
    },
    "id": Object {
      "type": "Int",
    },
    "offset": Object {
      "type": "Int",
    },
  },
  "resolve": [Function],
  "type": "[Int]",
}
`;
