// Jest Snapshot v1, https://goo.gl/fbAQLP

exports[`QueryWithNode snapshot 1`] = `
QueryWithNode {
  "_": Object {
    "afterware": Array [],
    "middleware": Array [],
    "name": undefined,
    "parentArgs": Object {
      "id": PayloadField {
        "resolveValue": [Function],
      },
    },
    "resolve": [Function],
    "subscribe": [Function],
  },
  "args": Object {},
  "fieldName": undefined,
  "resolve": [Function],
}
`;
