// Jest Snapshot v1, https://goo.gl/fbAQLP

exports[`Subscription snapshot 1`] = `
Subscription {
  "_": Object {
    "afterware": Array [],
    "middleware": Array [],
    "name": undefined,
    "resolve": [Function],
    "subscribe": [Function],
  },
  "args": Object {},
  "resolve": [Function],
  "subscribe": [Function],
}
`;
