// Jest Snapshot v1, https://goo.gl/fbAQLP

exports[`withAuthorized authorized 1`] = `
<Component
  client={
    Object {
      "authorized": true,
    }
  }
/>
`;

exports[`withAuthorized disabled 1`] = `
<Component
  client={Object {}}
/>
`;

exports[`withAuthorized no authorization 1`] = `""`;
