// Jest Snapshot v1, https://goo.gl/fbAQLP

exports[`afterware pagination 1`] = `
QueryAuthentication {
  "_": Object {
    "afterware": Array [],
    "middleware": Array [
      [Function],
      [Function],
    ],
    "resolve": [Function],
  },
  "args": Object {},
  "type": "Int",
}
`;
